13:47:16 **** Incremental Build of configuration Debug for project First ****
make -j28 all 
arm-none-eabi-gcc "../Src/main.c" -mcpu=cortex-m4 -std=gnu11 -g3 -DDEBUG -DSTM32 -DSTM32F407G_DISC1 -DSTM32F4 -DSTM32F407VGTx -c -I../Inc -O0 -ffunction-sections -fdata-sections -Wall -fstack-usage -fcyclomatic-complexity -MMD -MP -MF"Src/main.d" -MT"Src/main.o" --specs=nano.specs -mfpu=fpv4-sp-d16 -mfloat-abi=hard -mthumb -o "Src/main.o"
arm-none-eabi-gcc -o "First.elf" @"objects.list"   -mcpu=cortex-m4 -T"C:\WORKSPACE\Bare_Metal_Programming\First\STM32F407VGTX_FLASH.ld" --specs=nosys.specs -Wl,-Map="First.map" -Wl,--gc-sections -static --specs=nano.specs -mfpu=fpv4-sp-d16 -mfloat-abi=hard -mthumb -Wl,--start-group -lc -lm -Wl,--end-group
Finished building target: First.elf
 
arm-none-eabi-size  First.elf 
arm-none-eabi-objdump -h -S First.elf  > "First.list"
   text	   data	    bss	    dec	    hex	filename
    736	      0	   1568	   2304	    900	First.elf
Finished building: default.size.stdout
 
Finished building: First.list
 

13:47:17 Build Finished. 0 errors, 0 warnings. (took 1s.17ms)

